[INFO] [launch]: All log files can be found below /home/ldh9501/.ros/log/2026-07-14-16-21-40-547241-user-2991907
[INFO] [launch]: Default logging verbosity is set to INFO
[INFO] [rgbd_node-1]: process started with pid [2991916]
[rgbd_node-1] [INFO] [1784013700.621125243] [orbslam3_rgbd_node]: Publishing map points : /orbslam3/map_points
[rgbd_node-1] [INFO] [1784013700.624798058] [orbslam3_rgbd_node]: Publishing dense map : /orbslam3/dense_map
[rgbd_node-1] [INFO] [1784013700.625362320] [orbslam3_rgbd_node]: Loading ORB-SLAM3 vocabulary: /home/ldh9501/temp_ws/CLI_environment/orbslam_ws/src/ORB_SLAM3/Vocabulary/ORBvoc.txt
[rgbd_node-1] [INFO] [1784013700.625371785] [orbslam3_rgbd_node]: Loading ORB-SLAM3 settings: /home/ldh9501/temp_ws/CLI_environment/orbslam_ws/data/orbslam3_260714_105652_rgbd.yaml
[rgbd_node-1] 
[rgbd_node-1] ORB-SLAM3 Copyright (C) 2017-2020 Carlos Campos, Richard Elvira, Juan J. Gómez, José M.M. Montiel and Juan D. Tardós, University of Zaragoza.
[rgbd_node-1] ORB-SLAM2 Copyright (C) 2014-2016 Raúl Mur-Artal, José M.M. Montiel and Juan D. Tardós, University of Zaragoza.
[rgbd_node-1] This program comes with ABSOLUTELY NO WARRANTY;
[rgbd_node-1] This is free software, and you are welcome to redistribute it
[rgbd_node-1] under certain conditions. See LICENSE.txt.
[rgbd_node-1] 
[rgbd_node-1] Input sensor was set to: RGB-D
[rgbd_node-1] Loading settings from /home/ldh9501/temp_ws/CLI_environment/orbslam_ws/data/orbslam3_260714_105652_rgbd.yaml
[rgbd_node-1] 	-Loaded camera 1
[rgbd_node-1] 	-Loaded image info
[rgbd_node-1] 	-Loaded RGB-D calibration
[rgbd_node-1] 	-Loaded ORB settings
[rgbd_node-1] Camera.newHeight optional parameter does not exist...
[rgbd_node-1] Camera.newWidth optional parameter does not exist...
[rgbd_node-1] Viewer.imageViewScale optional parameter does not exist...
[rgbd_node-1] System.LoadAtlasFromFile optional parameter does not exist...
[rgbd_node-1] System.SaveAtlasToFile optional parameter does not exist...
[rgbd_node-1] System.thFarPoints optional parameter does not exist...
[rgbd_node-1] 	-Loaded viewer settings
[rgbd_node-1] 	-Loaded Atlas settings
[rgbd_node-1] 	-Loaded misc parameters
[rgbd_node-1] ----------------------------------
[rgbd_node-1] SLAM settings: 
[rgbd_node-1] 	-Camera 1 parameters (Pinhole): [ 387.728 387.217 322.719 244.823 ]
[rgbd_node-1] 	-Camera 1 distortion parameters: [  -0.0549 0.063086 3e-06 0.000582 -0.020351 ]
[rgbd_node-1] 	-Original image size: [ 640 , 480 ]
[rgbd_node-1] 	-Current image size: [ 640 , 480 ]
[rgbd_node-1] 	-Sequence FPS: 30
[rgbd_node-1] 	-RGB-D depth map factor: 1000
[rgbd_node-1] 	-Features per image: 2000
[rgbd_node-1] 	-ORB scale factor: 1.2
[rgbd_node-1] 	-ORB number of scales: 8
[rgbd_node-1] 	-Initial FAST threshold: 20
[rgbd_node-1] 	-Min FAST threshold: 7
[rgbd_node-1] 
[rgbd_node-1] 
[rgbd_node-1] Loading ORB Vocabulary. This could take a while...
[rgbd_node-1] Vocabulary loaded!
[rgbd_node-1] 
[rgbd_node-1] Initialization of Atlas from scratch 
[rgbd_node-1] Creation of new map with id: 0
[rgbd_node-1] Creation of new map with last KF id: 0
[rgbd_node-1] Seq. Name: 
[rgbd_node-1] There are 1 cameras in the atlas
[rgbd_node-1] Camera 0 is pinhole
[rgbd_node-1] [INFO] [1784013702.753713728] [orbslam3_rgbd_node]: RGB-D mode (IMU disabled).
[rgbd_node-1] [INFO] [1784013702.754294265] [orbslam3_rgbd_node]: Subscribed RGB topic: /camera/camera/color/image_raw
[rgbd_node-1] [INFO] [1784013702.754402697] [orbslam3_rgbd_node]: Subscribed depth topic: /camera/camera/aligned_depth_to_color/image_raw
[rgbd_node-1] [INFO] [1784013702.754407273] [orbslam3_rgbd_node]: Publishing pose: /orbslam3/pose
[rgbd_node-1] [INFO] [1784013702.754410518] [orbslam3_rgbd_node]: Publishing odom: /orbslam3/odom
[rgbd_node-1] [INFO] [1784013702.754413342] [orbslam3_rgbd_node]: Publishing TF: map -> camera_color_optical_frame
[rgbd_node-1] [INFO] [1784013702.754416758] [orbslam3_rgbd_node]: ORB-SLAM3 RGB-D node started with viewer disabled.
[INFO] [ros2-2]: process started with pid [2992176]
[ros2-2] stdin is not a terminal device. Keyboard handling disabled.[INFO] [1784013713.007978525] [rosbag2_storage]: Opened database '/home/ldh9501/temp_ws/CLI_environment/data_slam/260714_frame_data/converted/sam_105652_dense/sam_105652_dense_0.db3' for READ_ONLY.
[ros2-2] [INFO] [1784013713.008032446] [rosbag2_player]: Set rate to 0.5
[ros2-2] [INFO] [1784013713.010064861] [rosbag2_player]: Adding keyboard callbacks.
[ros2-2] [INFO] [1784013713.010080825] [rosbag2_player]: Press SPACE for Pause/Resume
[ros2-2] [INFO] [1784013713.010083849] [rosbag2_player]: Press CURSOR_RIGHT for Play Next Message
[ros2-2] [INFO] [1784013713.010086403] [rosbag2_player]: Press CURSOR_UP for Increase Rate 10%
[ros2-2] [INFO] [1784013713.010088746] [rosbag2_player]: Press CURSOR_DOWN for Decrease Rate 10%
[ros2-2] [INFO] [1784013713.010361614] [rosbag2_storage]: Opened database '/home/ldh9501/temp_ws/CLI_environment/data_slam/260714_frame_data/converted/sam_105652_dense/sam_105652_dense_0.db3' for READ_ONLY.
[rgbd_node-1] First KF:0; Map init KF:0
[rgbd_node-1] New Map created with 1281 points
[rgbd_node-1] [INFO] [1784013716.924503357] [orbslam3_rgbd_node]: Processed 30 RGB-D frames.
[rgbd_node-1] [INFO] [1784013720.918763236] [orbslam3_rgbd_node]: Processed 60 RGB-D frames.
[rgbd_node-1] [INFO] [1784013724.933461377] [orbslam3_rgbd_node]: Processed 90 RGB-D frames.
[rgbd_node-1] [INFO] [1784013728.978774261] [orbslam3_rgbd_node]: Processed 120 RGB-D frames.
[rgbd_node-1] [INFO] [1784013732.986252988] [orbslam3_rgbd_node]: Processed 150 RGB-D frames.
[rgbd_node-1] [INFO] [1784013736.993892131] [orbslam3_rgbd_node]: Processed 180 RGB-D frames.
[rgbd_node-1] [INFO] [1784013741.003106862] [orbslam3_rgbd_node]: Processed 210 RGB-D frames.
[rgbd_node-1] [INFO] [1784013745.008543585] [orbslam3_rgbd_node]: Processed 240 RGB-D frames.
[rgbd_node-1] [INFO] [1784013749.023070820] [orbslam3_rgbd_node]: Processed 270 RGB-D frames.
[rgbd_node-1] [INFO] [1784013753.048488074] [orbslam3_rgbd_node]: Processed 300 RGB-D frames.
[rgbd_node-1] [INFO] [1784013757.063468270] [orbslam3_rgbd_node]: Processed 330 RGB-D frames.
[rgbd_node-1] [INFO] [1784013761.072552060] [orbslam3_rgbd_node]: Processed 360 RGB-D frames.
[rgbd_node-1] *Loop detected
[rgbd_node-1] LOOP_GAP|cur_id=118|matched_id=30|ts_cur=1783994239.623122|ts_matched=1783994221.554859|cur_xyz=-2.134923,0.178812,-0.855769|matched_xyz=-1.838435,0.165862,-0.828626|gap_m=0.298010|sim3t=-0.230974,0.393278,-2.253678|sim3_scale=1.000000
[rgbd_node-1] Local Mapping STOP
[rgbd_node-1] Local Mapping RELEASE
[rgbd_node-1] Local Mapping STOP
[rgbd_node-1] Local Mapping RELEASE
[rgbd_node-1] [INFO] [1784013765.086197984] [orbslam3_rgbd_node]: Processed 390 RGB-D frames.
[rgbd_node-1] [INFO] [1784013769.092268732] [orbslam3_rgbd_node]: Processed 420 RGB-D frames.
[rgbd_node-1] [INFO] [1784013773.098718994] [orbslam3_rgbd_node]: Processed 450 RGB-D frames.
[rgbd_node-1] [INFO] [1784013777.144001443] [orbslam3_rgbd_node]: Processed 480 RGB-D frames.
[rgbd_node-1] [INFO] [1784013781.149190685] [orbslam3_rgbd_node]: Processed 510 RGB-D frames.
[rgbd_node-1] [INFO] [1784013785.147376560] [orbslam3_rgbd_node]: Processed 540 RGB-D frames.
[rgbd_node-1] [INFO] [1784013789.159014795] [orbslam3_rgbd_node]: Processed 570 RGB-D frames.
[rgbd_node-1] [INFO] [1784013793.170216451] [orbslam3_rgbd_node]: Processed 600 RGB-D frames.
[rgbd_node-1] [INFO] [1784013797.196465101] [orbslam3_rgbd_node]: Processed 630 RGB-D frames.
[rgbd_node-1] [INFO] [1784013801.221536905] [orbslam3_rgbd_node]: Processed 660 RGB-D frames.
[rgbd_node-1] [INFO] [1784013805.229249755] [orbslam3_rgbd_node]: Processed 690 RGB-D frames.
[rgbd_node-1] [INFO] [1784013809.238030070] [orbslam3_rgbd_node]: Processed 720 RGB-D frames.
[rgbd_node-1] [INFO] [1784013813.248326017] [orbslam3_rgbd_node]: Processed 750 RGB-D frames.
[rgbd_node-1] [INFO] [1784013817.255183216] [orbslam3_rgbd_node]: Processed 780 RGB-D frames.
[rgbd_node-1] [INFO] [1784013821.293300009] [orbslam3_rgbd_node]: Processed 810 RGB-D frames.
[rgbd_node-1] [INFO] [1784013825.301550594] [orbslam3_rgbd_node]: Processed 840 RGB-D frames.
[rgbd_node-1] [INFO] [1784013829.309234607] [orbslam3_rgbd_node]: Processed 870 RGB-D frames.
[rgbd_node-1] [INFO] [1784013833.309596995] [orbslam3_rgbd_node]: Processed 900 RGB-D frames.
[rgbd_node-1] [INFO] [1784013837.347452261] [orbslam3_rgbd_node]: Processed 930 RGB-D frames.
[rgbd_node-1] [INFO] [1784013841.363773764] [orbslam3_rgbd_node]: Processed 960 RGB-D frames.
[rgbd_node-1] [INFO] [1784013845.382618280] [orbslam3_rgbd_node]: Processed 990 RGB-D frames.
[rgbd_node-1] [INFO] [1784013849.676629256] [orbslam3_rgbd_node]: Processed 1020 RGB-D frames.
[rgbd_node-1] [INFO] [1784013853.407746266] [orbslam3_rgbd_node]: Processed 1050 RGB-D frames.
[rgbd_node-1] [INFO] [1784013857.402444761] [orbslam3_rgbd_node]: Processed 1080 RGB-D frames.
[rgbd_node-1] [INFO] [1784013861.459461325] [orbslam3_rgbd_node]: Processed 1110 RGB-D frames.
[rgbd_node-1] [INFO] [1784013865.430789693] [orbslam3_rgbd_node]: Processed 1140 RGB-D frames.
[rgbd_node-1] [INFO] [1784013869.474189145] [orbslam3_rgbd_node]: Processed 1170 RGB-D frames.
[rgbd_node-1] [INFO] [1784013873.486701305] [orbslam3_rgbd_node]: Processed 1200 RGB-D frames.
[rgbd_node-1] [INFO] [1784013877.514850019] [orbslam3_rgbd_node]: Processed 1230 RGB-D frames.
[rgbd_node-1] [INFO] [1784013881.485194349] [orbslam3_rgbd_node]: Processed 1260 RGB-D frames.
[rgbd_node-1] [INFO] [1784013885.480075193] [orbslam3_rgbd_node]: Processed 1290 RGB-D frames.
[rgbd_node-1] [INFO] [1784013889.540376037] [orbslam3_rgbd_node]: Processed 1320 RGB-D frames.
[rgbd_node-1] [INFO] [1784013893.546594373] [orbslam3_rgbd_node]: Processed 1350 RGB-D frames.
[rgbd_node-1] [INFO] [1784013897.561874317] [orbslam3_rgbd_node]: Processed 1380 RGB-D frames.
[rgbd_node-1] [INFO] [1784013901.557082470] [orbslam3_rgbd_node]: Processed 1410 RGB-D frames.
[rgbd_node-1] [INFO] [1784013905.570877946] [orbslam3_rgbd_node]: Processed 1440 RGB-D frames.
[rgbd_node-1] [INFO] [1784013909.586255588] [orbslam3_rgbd_node]: Processed 1470 RGB-D frames.
[rgbd_node-1] [INFO] [1784013913.645479729] [orbslam3_rgbd_node]: Processed 1500 RGB-D frames.
[rgbd_node-1] [INFO] [1784013917.620968998] [orbslam3_rgbd_node]: Processed 1530 RGB-D frames.
[rgbd_node-1] [INFO] [1784013921.898284237] [orbslam3_rgbd_node]: Processed 1560 RGB-D frames.
[rgbd_node-1] [INFO] [1784013925.677340185] [orbslam3_rgbd_node]: Processed 1590 RGB-D frames.
[rgbd_node-1] [INFO] [1784013929.667803718] [orbslam3_rgbd_node]: Processed 1620 RGB-D frames.
[rgbd_node-1] [INFO] [1784013933.668896827] [orbslam3_rgbd_node]: Processed 1650 RGB-D frames.
[rgbd_node-1] [INFO] [1784013937.714651483] [orbslam3_rgbd_node]: Processed 1680 RGB-D frames.
[rgbd_node-1] [INFO] [1784013941.706181215] [orbslam3_rgbd_node]: Processed 1710 RGB-D frames.
[rgbd_node-1] [INFO] [1784013945.713809656] [orbslam3_rgbd_node]: Processed 1740 RGB-D frames.
[rgbd_node-1] [INFO] [1784013949.864337326] [orbslam3_rgbd_node]: Processed 1770 RGB-D frames.
[rgbd_node-1] [INFO] [1784013953.740845889] [orbslam3_rgbd_node]: Processed 1800 RGB-D frames.
[rgbd_node-1] [INFO] [1784013957.783245710] [orbslam3_rgbd_node]: Processed 1830 RGB-D frames.
[rgbd_node-1] [INFO] [1784013961.796619632] [orbslam3_rgbd_node]: Processed 1860 RGB-D frames.
[rgbd_node-1] [INFO] [1784013965.918888554] [orbslam3_rgbd_node]: Processed 1890 RGB-D frames.
[rgbd_node-1] [INFO] [1784013969.782257358] [orbslam3_rgbd_node]: Processed 1920 RGB-D frames.
[rgbd_node-1] [INFO] [1784013973.796423656] [orbslam3_rgbd_node]: Processed 1950 RGB-D frames.
[rgbd_node-1] [INFO] [1784013977.862437490] [orbslam3_rgbd_node]: Processed 1980 RGB-D frames.
[rgbd_node-1] [INFO] [1784013981.868622365] [orbslam3_rgbd_node]: Processed 2010 RGB-D frames.
[rgbd_node-1] [INFO] [1784013985.855783803] [orbslam3_rgbd_node]: Processed 2040 RGB-D frames.
[rgbd_node-1] [INFO] [1784013989.906857784] [orbslam3_rgbd_node]: Processed 2070 RGB-D frames.
[rgbd_node-1] [INFO] [1784013993.873450632] [orbslam3_rgbd_node]: Processed 2100 RGB-D frames.
[rgbd_node-1] [INFO] [1784013997.885637766] [orbslam3_rgbd_node]: Processed 2130 RGB-D frames.
[rgbd_node-1] [INFO] [1784014001.886454124] [orbslam3_rgbd_node]: Processed 2160 RGB-D frames.
[rgbd_node-1] [INFO] [1784014005.924852148] [orbslam3_rgbd_node]: Processed 2190 RGB-D frames.
[rgbd_node-1] [INFO] [1784014009.946085833] [orbslam3_rgbd_node]: Processed 2220 RGB-D frames.
[rgbd_node-1] [INFO] [1784014013.968083255] [orbslam3_rgbd_node]: Processed 2250 RGB-D frames.
[rgbd_node-1] [INFO] [1784014018.032431825] [orbslam3_rgbd_node]: Processed 2280 RGB-D frames.
[rgbd_node-1] [INFO] [1784014022.254850420] [orbslam3_rgbd_node]: Processed 2310 RGB-D frames.
[rgbd_node-1] [INFO] [1784014025.986701299] [orbslam3_rgbd_node]: Processed 2340 RGB-D frames.
[rgbd_node-1] [INFO] [1784014030.175515153] [orbslam3_rgbd_node]: Processed 2370 RGB-D frames.
[rgbd_node-1] [INFO] [1784014034.028532346] [orbslam3_rgbd_node]: Processed 2400 RGB-D frames.
[rgbd_node-1] [INFO] [1784014038.045559738] [orbslam3_rgbd_node]: Processed 2430 RGB-D frames.
[rgbd_node-1] [INFO] [1784014042.036890392] [orbslam3_rgbd_node]: Processed 2460 RGB-D frames.
[rgbd_node-1] [INFO] [1784014046.040301000] [orbslam3_rgbd_node]: Processed 2490 RGB-D frames.
[rgbd_node-1] [INFO] [1784014050.061205086] [orbslam3_rgbd_node]: Processed 2520 RGB-D frames.
[rgbd_node-1] [INFO] [1784014054.219736610] [orbslam3_rgbd_node]: Processed 2550 RGB-D frames.
[rgbd_node-1] [INFO] [1784014058.091992050] [orbslam3_rgbd_node]: Processed 2580 RGB-D frames.
[rgbd_node-1] [INFO] [1784014062.398443101] [orbslam3_rgbd_node]: Processed 2610 RGB-D frames.
[rgbd_node-1] [INFO] [1784014066.118398183] [orbslam3_rgbd_node]: Processed 2640 RGB-D frames.
[rgbd_node-1] [INFO] [1784014070.132245142] [orbslam3_rgbd_node]: Processed 2670 RGB-D frames.
[rgbd_node-1] [INFO] [1784014074.299892774] [orbslam3_rgbd_node]: Processed 2700 RGB-D frames.
[rgbd_node-1] [INFO] [1784014078.159095203] [orbslam3_rgbd_node]: Processed 2730 RGB-D frames.
[INFO] [ros2-2]: process has finished cleanly [pid 2992176]
[INFO] [rgbd_node-1]: sending signal 'SIGINT' to process[rgbd_node-1]
[rgbd_node-1] [INFO] [1784014079.922411796] [rclcpp]: signal_handler(signum=2)
[rgbd_node-1] [INFO] [1784014080.045360028] [orbslam3_rgbd_node]: Shutting down ORB-SLAM3.
[rgbd_node-1] Shutdown
[rgbd_node-1] [INFO] [1784014080.072893085] [orbslam3_rgbd_node]: Saved 17668 ORB-SLAM3 map points to /home/ldh9501/temp_ws/CLI_environment/orbslam_ws/output/260714/sam_105652/orbslam3_map_points.pcd
[rgbd_node-1] 
[rgbd_node-1] Saving camera trajectory to CameraTrajectory.txt ...
[rgbd_node-1] 
[rgbd_node-1] Saving keyframe trajectory to KeyFrameTrajectory.txt ...
[rgbd_node-1] [INFO] [1784014081.930280658] [orbslam3_rgbd_node]: Dense map reprojected with optimized poses: 549/549 frames matched (0 dropped), 1159496 voxels.
[rgbd_node-1] [INFO] [1784014083.466446286] [orbslam3_rgbd_node]: Saved 1159496 dense map points to /home/ldh9501/temp_ws/CLI_environment/orbslam_ws/output/260714/sam_105652/orbslam3_dense_map.pcd
[rgbd_node-1] [INFO] [1784014083.466680827] [orbslam3_rgbd_node]: TIMING: frames_tracked=2742 track_ms mean=30.9 median=29.3 p95=54.0 max=159.4 min=13.2 mean_fps=32.3
[INFO] [rgbd_node-1]: process has finished cleanly [pid 2991916]
