[INFO] [launch]: All log files can be found below /home/ldh9501/.ros/log/2026-07-14-16-28-07-449683-user-3011457
[INFO] [launch]: Default logging verbosity is set to INFO
[INFO] [rgbd_node-1]: process started with pid [3011467]
[rgbd_node-1] [INFO] [1784014087.548795363] [orbslam3_rgbd_node]: Publishing map points : /orbslam3/map_points
[rgbd_node-1] [INFO] [1784014087.551925704] [orbslam3_rgbd_node]: Publishing dense map : /orbslam3/dense_map
[rgbd_node-1] [INFO] [1784014087.552998138] [orbslam3_rgbd_node]: Loading ORB-SLAM3 vocabulary: /home/ldh9501/temp_ws/CLI_environment/orbslam_ws/src/ORB_SLAM3/Vocabulary/ORBvoc.txt
[rgbd_node-1] [INFO] [1784014087.553016365] [orbslam3_rgbd_node]: Loading ORB-SLAM3 settings: /home/ldh9501/temp_ws/CLI_environment/orbslam_ws/data/orbslam3_260714_105657_rgbd.yaml
[rgbd_node-1] Camera.newHeight optional parameter does not exist...
[rgbd_node-1] Camera.newWidth optional parameter does not exist...
[rgbd_node-1] Viewer.imageViewScale optional parameter does not exist...
[rgbd_node-1] System.LoadAtlasFromFile optional parameter does not exist...
[rgbd_node-1] System.SaveAtlasToFile optional parameter does not exist...
[rgbd_node-1] System.thFarPoints optional parameter does not exist...
[rgbd_node-1] 
[rgbd_node-1] ORB-SLAM3 Copyright (C) 2017-2020 Carlos Campos, Richard Elvira, Juan J. Gómez, José M.M. Montiel and Juan D. Tardós, University of Zaragoza.
[rgbd_node-1] ORB-SLAM2 Copyright (C) 2014-2016 Raúl Mur-Artal, José M.M. Montiel and Juan D. Tardós, University of Zaragoza.
[rgbd_node-1] This program comes with ABSOLUTELY NO WARRANTY;
[rgbd_node-1] This is free software, and you are welcome to redistribute it
[rgbd_node-1] under certain conditions. See LICENSE.txt.
[rgbd_node-1] 
[rgbd_node-1] Input sensor was set to: RGB-D
[rgbd_node-1] Loading settings from /home/ldh9501/temp_ws/CLI_environment/orbslam_ws/data/orbslam3_260714_105657_rgbd.yaml
[rgbd_node-1] 	-Loaded camera 1
[rgbd_node-1] 	-Loaded image info
[rgbd_node-1] 	-Loaded RGB-D calibration
[rgbd_node-1] 	-Loaded ORB settings
[rgbd_node-1] 	-Loaded viewer settings
[rgbd_node-1] 	-Loaded Atlas settings
[rgbd_node-1] 	-Loaded misc parameters
[rgbd_node-1] ----------------------------------
[rgbd_node-1] SLAM settings: 
[rgbd_node-1] 	-Camera 1 parameters (Pinhole): [ 387.128 386.557 322.784 250.28 ]
[rgbd_node-1] 	-Camera 1 distortion parameters: [  -0.056362 0.067728 0.000344 0.000891 -0.022403 ]
[rgbd_node-1] 	-Original image size: [ 640 , 480 ]
[rgbd_node-1] 	-Current image size: [ 640 , 480 ]
[rgbd_node-1] 	-Sequence FPS: 30
[rgbd_node-1] 	-RGB-D depth map factor: 1000
[rgbd_node-1] 	-Features per image: 2000
[rgbd_node-1] 	-ORB scale factor: 1.2
[rgbd_node-1] 	-ORB number of scales: 8
[rgbd_node-1] 	-Initial FAST threshold: 20
[rgbd_node-1] 	-Min FAST threshold: 7
[rgbd_node-1] 
[rgbd_node-1] 
[rgbd_node-1] Loading ORB Vocabulary. This could take a while...
[rgbd_node-1] Vocabulary loaded!
[rgbd_node-1] 
[rgbd_node-1] Initialization of Atlas from scratch 
[rgbd_node-1] Creation of new map with id: 0
[rgbd_node-1] Creation of new map with last KF id: 0
[rgbd_node-1] Seq. Name: 
[rgbd_node-1] There are 1 cameras in the atlas
[rgbd_node-1] Camera 0 is pinhole
[rgbd_node-1] [INFO] [1784014090.278352245] [orbslam3_rgbd_node]: RGB-D mode (IMU disabled).
[rgbd_node-1] [INFO] [1784014090.279545259] [orbslam3_rgbd_node]: Subscribed RGB topic: /camera/camera/color/image_raw
[rgbd_node-1] [INFO] [1784014090.279567953] [orbslam3_rgbd_node]: Subscribed depth topic: /camera/camera/aligned_depth_to_color/image_raw
[rgbd_node-1] [INFO] [1784014090.279571578] [orbslam3_rgbd_node]: Publishing pose: /orbslam3/pose
[rgbd_node-1] [INFO] [1784014090.279575304] [orbslam3_rgbd_node]: Publishing odom: /orbslam3/odom
[rgbd_node-1] [INFO] [1784014090.279578538] [orbslam3_rgbd_node]: Publishing TF: map -> camera_color_optical_frame
[rgbd_node-1] [INFO] [1784014090.279582404] [orbslam3_rgbd_node]: ORB-SLAM3 RGB-D node started with viewer disabled.
[INFO] [ros2-2]: process started with pid [3012299]
[ros2-2] stdin is not a terminal device. Keyboard handling disabled.[INFO] [1784014099.613174065] [rosbag2_storage]: Opened database '/home/ldh9501/temp_ws/CLI_environment/data_slam/260714_frame_data/converted/slam_105657/slam_105657_0.db3' for READ_ONLY.
[ros2-2] [INFO] [1784014099.613212563] [rosbag2_player]: Set rate to 1
[ros2-2] [INFO] [1784014099.616051048] [rosbag2_player]: Adding keyboard callbacks.
[ros2-2] [INFO] [1784014099.616067943] [rosbag2_player]: Press SPACE for Pause/Resume
[ros2-2] [INFO] [1784014099.616071138] [rosbag2_player]: Press CURSOR_RIGHT for Play Next Message
[ros2-2] [INFO] [1784014099.616073972] [rosbag2_player]: Press CURSOR_UP for Increase Rate 10%
[ros2-2] [INFO] [1784014099.616076276] [rosbag2_player]: Press CURSOR_DOWN for Decrease Rate 10%
[ros2-2] [INFO] [1784014099.616447932] [rosbag2_storage]: Opened database '/home/ldh9501/temp_ws/CLI_environment/data_slam/260714_frame_data/converted/slam_105657/slam_105657_0.db3' for READ_ONLY.
[rgbd_node-1] First KF:0; Map init KF:0
[rgbd_node-1] New Map created with 1908 points
[rgbd_node-1] [INFO] [1784014103.431356728] [orbslam3_rgbd_node]: Processed 30 RGB-D frames.
[rgbd_node-1] [INFO] [1784014105.432426615] [orbslam3_rgbd_node]: Processed 60 RGB-D frames.
[rgbd_node-1] [INFO] [1784014107.446296802] [orbslam3_rgbd_node]: Processed 90 RGB-D frames.
[rgbd_node-1] [INFO] [1784014109.536591567] [orbslam3_rgbd_node]: Processed 120 RGB-D frames.
[rgbd_node-1] [INFO] [1784014111.618262120] [orbslam3_rgbd_node]: Processed 150 RGB-D frames.
[rgbd_node-1] [INFO] [1784014113.456690534] [orbslam3_rgbd_node]: Processed 180 RGB-D frames.
[rgbd_node-1] [INFO] [1784014115.446952872] [orbslam3_rgbd_node]: Processed 210 RGB-D frames.
[rgbd_node-1] [INFO] [1784014117.562953278] [orbslam3_rgbd_node]: Processed 240 RGB-D frames.
[rgbd_node-1] [INFO] [1784014119.462671031] [orbslam3_rgbd_node]: Processed 270 RGB-D frames.
[rgbd_node-1] [INFO] [1784014121.464817698] [orbslam3_rgbd_node]: Processed 300 RGB-D frames.
[rgbd_node-1] [INFO] [1784014123.466775989] [orbslam3_rgbd_node]: Processed 330 RGB-D frames.
[rgbd_node-1] *Loop detected
[rgbd_node-1] LOOP_GAP|cur_id=58|matched_id=16|ts_cur=1783994243.097281|ts_matched=1783994226.688375|cur_xyz=-0.270423,0.067451,1.821142|matched_xyz=-0.906800,0.030615,1.468582|gap_m=0.728444|sim3t=-1.337442,-0.052768,1.252297|sim3_scale=1.000000
[rgbd_node-1] Local Mapping STOP
[rgbd_node-1] Local Mapping RELEASE
[rgbd_node-1] Local Mapping STOP
[rgbd_node-1] Local Mapping RELEASE
[rgbd_node-1] [INFO] [1784014125.454331002] [orbslam3_rgbd_node]: Processed 360 RGB-D frames.
[rgbd_node-1] [INFO] [1784014127.634458310] [orbslam3_rgbd_node]: Processed 390 RGB-D frames.
[rgbd_node-1] [INFO] [1784014129.595424363] [orbslam3_rgbd_node]: Processed 420 RGB-D frames.
[rgbd_node-1] [INFO] [1784014131.470665700] [orbslam3_rgbd_node]: Processed 450 RGB-D frames.
[rgbd_node-1] [INFO] [1784014133.546785489] [orbslam3_rgbd_node]: Processed 480 RGB-D frames.
[rgbd_node-1] [INFO] [1784014135.659167322] [orbslam3_rgbd_node]: Processed 510 RGB-D frames.
[rgbd_node-1] [INFO] [1784014137.490572784] [orbslam3_rgbd_node]: Processed 540 RGB-D frames.
[rgbd_node-1] [INFO] [1784014139.490442787] [orbslam3_rgbd_node]: Processed 570 RGB-D frames.
[rgbd_node-1] [INFO] [1784014141.493475625] [orbslam3_rgbd_node]: Processed 600 RGB-D frames.
[rgbd_node-1] [INFO] [1784014143.543554818] [orbslam3_rgbd_node]: Processed 630 RGB-D frames.
[rgbd_node-1] [INFO] [1784014145.482701206] [orbslam3_rgbd_node]: Processed 660 RGB-D frames.
[rgbd_node-1] [INFO] [1784014147.534431066] [orbslam3_rgbd_node]: Processed 690 RGB-D frames.
[rgbd_node-1] [INFO] [1784014149.581895491] [orbslam3_rgbd_node]: Processed 720 RGB-D frames.
[rgbd_node-1] [INFO] [1784014151.528736309] [orbslam3_rgbd_node]: Processed 750 RGB-D frames.
[rgbd_node-1] [INFO] [1784014153.511762776] [orbslam3_rgbd_node]: Processed 780 RGB-D frames.
[rgbd_node-1] [INFO] [1784014155.608751072] [orbslam3_rgbd_node]: Processed 810 RGB-D frames.
[rgbd_node-1] [INFO] [1784014157.522292681] [orbslam3_rgbd_node]: Processed 840 RGB-D frames.
[rgbd_node-1] [INFO] [1784014159.543733720] [orbslam3_rgbd_node]: Processed 870 RGB-D frames.
[rgbd_node-1] [INFO] [1784014161.544831394] [orbslam3_rgbd_node]: Processed 900 RGB-D frames.
[rgbd_node-1] [INFO] [1784014163.542868182] [orbslam3_rgbd_node]: Processed 930 RGB-D frames.
[rgbd_node-1] [INFO] [1784014165.551410259] [orbslam3_rgbd_node]: Processed 960 RGB-D frames.
[rgbd_node-1] [INFO] [1784014167.553372005] [orbslam3_rgbd_node]: Processed 990 RGB-D frames.
[rgbd_node-1] [INFO] [1784014169.548304701] [orbslam3_rgbd_node]: Processed 1020 RGB-D frames.
[rgbd_node-1] [INFO] [1784014171.533688626] [orbslam3_rgbd_node]: Processed 1050 RGB-D frames.
[rgbd_node-1] [INFO] [1784014173.709245427] [orbslam3_rgbd_node]: Processed 1080 RGB-D frames.
[rgbd_node-1] [INFO] [1784014175.552716426] [orbslam3_rgbd_node]: Processed 1110 RGB-D frames.
[rgbd_node-1] [INFO] [1784014177.542978348] [orbslam3_rgbd_node]: Processed 1140 RGB-D frames.
[rgbd_node-1] [INFO] [1784014179.572497928] [orbslam3_rgbd_node]: Processed 1170 RGB-D frames.
[rgbd_node-1] [INFO] [1784014181.563643108] [orbslam3_rgbd_node]: Processed 1200 RGB-D frames.
[rgbd_node-1] [INFO] [1784014183.563243589] [orbslam3_rgbd_node]: Processed 1230 RGB-D frames.
[rgbd_node-1] [INFO] [1784014185.714156972] [orbslam3_rgbd_node]: Processed 1260 RGB-D frames.
[rgbd_node-1] [INFO] [1784014187.561503712] [orbslam3_rgbd_node]: Processed 1290 RGB-D frames.
[rgbd_node-1] [INFO] [1784014189.551570410] [orbslam3_rgbd_node]: Processed 1320 RGB-D frames.
[rgbd_node-1] [INFO] [1784014191.687638196] [orbslam3_rgbd_node]: Processed 1350 RGB-D frames.
[rgbd_node-1] [INFO] [1784014193.611303559] [orbslam3_rgbd_node]: Processed 1380 RGB-D frames.
[rgbd_node-1] [INFO] [1784014195.724620460] [orbslam3_rgbd_node]: Processed 1410 RGB-D frames.
[rgbd_node-1] [INFO] [1784014197.558450870] [orbslam3_rgbd_node]: Processed 1440 RGB-D frames.
[rgbd_node-1] [INFO] [1784014199.630795174] [orbslam3_rgbd_node]: Processed 1470 RGB-D frames.
[rgbd_node-1] [INFO] [1784014201.560991025] [orbslam3_rgbd_node]: Processed 1500 RGB-D frames.
[rgbd_node-1] [INFO] [1784014203.604724946] [orbslam3_rgbd_node]: Processed 1530 RGB-D frames.
[rgbd_node-1] [INFO] [1784014205.782295705] [orbslam3_rgbd_node]: Processed 1560 RGB-D frames.
[rgbd_node-1] [INFO] [1784014207.756139920] [orbslam3_rgbd_node]: Processed 1590 RGB-D frames.
[rgbd_node-1] [INFO] [1784014209.596947146] [orbslam3_rgbd_node]: Processed 1620 RGB-D frames.
[rgbd_node-1] [INFO] [1784014211.661545101] [orbslam3_rgbd_node]: Processed 1650 RGB-D frames.
[rgbd_node-1] [INFO] [1784014213.672173401] [orbslam3_rgbd_node]: Processed 1680 RGB-D frames.
[rgbd_node-1] [INFO] [1784014215.611080027] [orbslam3_rgbd_node]: Processed 1710 RGB-D frames.
[rgbd_node-1] [INFO] [1784014217.715057552] [orbslam3_rgbd_node]: Processed 1740 RGB-D frames.
[rgbd_node-1] [INFO] [1784014219.612394634] [orbslam3_rgbd_node]: Processed 1770 RGB-D frames.
[rgbd_node-1] [INFO] [1784014221.607597117] [orbslam3_rgbd_node]: Processed 1800 RGB-D frames.
[rgbd_node-1] [INFO] [1784014223.637137580] [orbslam3_rgbd_node]: Processed 1830 RGB-D frames.
[rgbd_node-1] [INFO] [1784014225.609628609] [orbslam3_rgbd_node]: Processed 1860 RGB-D frames.
[rgbd_node-1] [INFO] [1784014227.631115608] [orbslam3_rgbd_node]: Processed 1890 RGB-D frames.
[rgbd_node-1] [INFO] [1784014229.617553405] [orbslam3_rgbd_node]: Processed 1920 RGB-D frames.
[rgbd_node-1] [INFO] [1784014231.929995702] [orbslam3_rgbd_node]: Processed 1950 RGB-D frames.
[rgbd_node-1] [INFO] [1784014233.637890389] [orbslam3_rgbd_node]: Processed 1980 RGB-D frames.
[rgbd_node-1] [INFO] [1784014235.627944061] [orbslam3_rgbd_node]: Processed 2010 RGB-D frames.
[rgbd_node-1] [INFO] [1784014237.740198255] [orbslam3_rgbd_node]: Processed 2040 RGB-D frames.
[rgbd_node-1] [INFO] [1784014239.864992712] [orbslam3_rgbd_node]: Processed 2070 RGB-D frames.
[rgbd_node-1] [INFO] [1784014241.632120436] [orbslam3_rgbd_node]: Processed 2100 RGB-D frames.
[rgbd_node-1] [INFO] [1784014243.837161123] [orbslam3_rgbd_node]: Processed 2130 RGB-D frames.
[rgbd_node-1] [INFO] [1784014245.680936839] [orbslam3_rgbd_node]: Processed 2160 RGB-D frames.
[rgbd_node-1] [INFO] [1784014247.642731633] [orbslam3_rgbd_node]: Processed 2190 RGB-D frames.
[rgbd_node-1] [INFO] [1784014249.719259339] [orbslam3_rgbd_node]: Processed 2220 RGB-D frames.
[rgbd_node-1] [INFO] [1784014251.647914506] [orbslam3_rgbd_node]: Processed 2250 RGB-D frames.
[rgbd_node-1] [INFO] [1784014253.662806332] [orbslam3_rgbd_node]: Processed 2280 RGB-D frames.
[rgbd_node-1] [INFO] [1784014255.653944993] [orbslam3_rgbd_node]: Processed 2310 RGB-D frames.
[rgbd_node-1] [INFO] [1784014257.817609704] [orbslam3_rgbd_node]: Processed 2340 RGB-D frames.
[rgbd_node-1] [INFO] [1784014259.696125660] [orbslam3_rgbd_node]: Processed 2370 RGB-D frames.
[rgbd_node-1] [INFO] [1784014261.681468844] [orbslam3_rgbd_node]: Processed 2400 RGB-D frames.
[rgbd_node-1] [INFO] [1784014263.658680553] [orbslam3_rgbd_node]: Processed 2430 RGB-D frames.
[rgbd_node-1] [INFO] [1784014265.727800560] [orbslam3_rgbd_node]: Processed 2460 RGB-D frames.
[rgbd_node-1] [INFO] [1784014267.695305999] [orbslam3_rgbd_node]: Processed 2490 RGB-D frames.
[rgbd_node-1] [INFO] [1784014269.669360898] [orbslam3_rgbd_node]: Processed 2520 RGB-D frames.
[rgbd_node-1] [INFO] [1784014271.677938589] [orbslam3_rgbd_node]: Processed 2550 RGB-D frames.
[rgbd_node-1] [INFO] [1784014273.695120174] [orbslam3_rgbd_node]: Processed 2580 RGB-D frames.
[rgbd_node-1] [INFO] [1784014275.839159571] [orbslam3_rgbd_node]: Processed 2610 RGB-D frames.
[rgbd_node-1] [INFO] [1784014277.903088652] [orbslam3_rgbd_node]: Processed 2640 RGB-D frames.
[rgbd_node-1] [INFO] [1784014279.692857440] [orbslam3_rgbd_node]: Processed 2670 RGB-D frames.
[rgbd_node-1] [INFO] [1784014281.701948525] [orbslam3_rgbd_node]: Processed 2700 RGB-D frames.
[INFO] [ros2-2]: process has finished cleanly [pid 3012299]
[INFO] [rgbd_node-1]: sending signal 'SIGINT' to process[rgbd_node-1]
[rgbd_node-1] [INFO] [1784014283.178604163] [rclcpp]: signal_handler(signum=2)
[rgbd_node-1] [INFO] [1784014283.286847015] [orbslam3_rgbd_node]: Shutting down ORB-SLAM3.
[rgbd_node-1] Shutdown
[rgbd_node-1] [INFO] [1784014283.303939629] [orbslam3_rgbd_node]: Saved 16888 ORB-SLAM3 map points to /home/ldh9501/temp_ws/CLI_environment/orbslam_ws/output/260714/slam_105657/orbslam3_map_points.pcd
[rgbd_node-1] 
[rgbd_node-1] Saving camera trajectory to CameraTrajectory.txt ...
[rgbd_node-1] 
[rgbd_node-1] Saving keyframe trajectory to KeyFrameTrajectory.txt ...
[rgbd_node-1] [INFO] [1784014285.031912884] [orbslam3_rgbd_node]: Dense map reprojected with optimized poses: 544/544 frames matched (0 dropped), 988783 voxels.
[rgbd_node-1] [INFO] [1784014286.439238485] [orbslam3_rgbd_node]: Saved 988783 dense map points to /home/ldh9501/temp_ws/CLI_environment/orbslam_ws/output/260714/slam_105657/orbslam3_dense_map.pcd
[rgbd_node-1] [INFO] [1784014286.439859945] [orbslam3_rgbd_node]: TIMING: frames_tracked=2720 track_ms mean=31.6 median=29.3 p95=51.3 max=195.4 min=13.0 mean_fps=31.7
[INFO] [rgbd_node-1]: process has finished cleanly [pid 3011467]
