[INFO] [launch]: All log files can be found below /home/ldh9501/.ros/log/2026-07-14-16-10-53-259340-user-2974047
[INFO] [launch]: Default logging verbosity is set to INFO
[INFO] [rgbd_node-1]: process started with pid [2974058]
[rgbd_node-1] [INFO] [1784013053.347762363] [orbslam3_rgbd_node]: Publishing map points : /orbslam3/map_points
[rgbd_node-1] [INFO] [1784013053.350830581] [orbslam3_rgbd_node]: Publishing dense map : /orbslam3/dense_map
[rgbd_node-1] [INFO] [1784013053.351473364] [orbslam3_rgbd_node]: Loading ORB-SLAM3 vocabulary: /home/ldh9501/temp_ws/CLI_environment/orbslam_ws/src/ORB_SLAM3/Vocabulary/ORBvoc.txt
[rgbd_node-1] [INFO] [1784013053.351485892] [orbslam3_rgbd_node]: Loading ORB-SLAM3 settings: /home/ldh9501/temp_ws/CLI_environment/orbslam_ws/data/orbslam3_260714_105018_rgbd.yaml
[rgbd_node-1] 
[rgbd_node-1] ORB-SLAM3 Copyright (C) 2017-2020 Carlos Campos, Richard Elvira, Juan J. Gómez, José M.M. Montiel and Juan D. Tardós, University of Zaragoza.
[rgbd_node-1] ORB-SLAM2 Copyright (C) 2014-2016 Raúl Mur-Artal, José M.M. Montiel and Juan D. Tardós, University of Zaragoza.
[rgbd_node-1] This program comes with ABSOLUTELY NO WARRANTY;
[rgbd_node-1] This is free software, and you are welcome to redistribute it
[rgbd_node-1] under certain conditions. See LICENSE.txt.
[rgbd_node-1] 
[rgbd_node-1] Input sensor was set to: RGB-D
[rgbd_node-1] Loading settings from /home/ldh9501/temp_ws/CLI_environment/orbslam_ws/data/orbslam3_260714_105018_rgbd.yaml
[rgbd_node-1] 	-Loaded camera 1
[rgbd_node-1] 	-Loaded image info
[rgbd_node-1] 	-Loaded RGB-D calibration
[rgbd_node-1] 	-Loaded ORB settings
[rgbd_node-1] 	-Loaded viewer settings
[rgbd_node-1] 	-Loaded Atlas settings
[rgbd_node-1] 	-Loaded misc parameters
[rgbd_node-1] ----------------------------------
[rgbd_node-1] SLAM settings: 
[rgbd_node-1] 	-Camera 1 parameters (Pinhole): [ 387.518 387.006 322.719 244.823 ]
[rgbd_node-1] 	-Camera 1 distortion parameters: [  -0.0549 0.063086 3e-06 0.000582 -0.020351 ]
[rgbd_node-1] 	-Original image size: [ 640 , 480 ]
[rgbd_node-1] 	-Current image size: [ 640 , 480 ]
[rgbd_node-1] 	-Sequence FPS: 30
[rgbd_node-1] 	-RGB-D depth map factor: 1000
[rgbd_node-1] 	-Features per image: 2000
[rgbd_node-1] 	-ORB scale factor: 1.2
[rgbd_node-1] 	-ORB number of scales: 8
[rgbd_node-1] 	-Initial FAST threshold: 20
[rgbd_node-1] 	-Min FAST threshold: 7
[rgbd_node-1] 
[rgbd_node-1] 
[rgbd_node-1] Loading ORB Vocabulary. This could take a while...
[rgbd_node-1] Camera.newHeight optional parameter does not exist...
[rgbd_node-1] Camera.newWidth optional parameter does not exist...
[rgbd_node-1] Viewer.imageViewScale optional parameter does not exist...
[rgbd_node-1] System.LoadAtlasFromFile optional parameter does not exist...
[rgbd_node-1] System.SaveAtlasToFile optional parameter does not exist...
[rgbd_node-1] System.thFarPoints optional parameter does not exist...
[rgbd_node-1] Vocabulary loaded!
[rgbd_node-1] 
[rgbd_node-1] Initialization of Atlas from scratch 
[rgbd_node-1] Creation of new map with id: 0
[rgbd_node-1] Creation of new map with last KF id: 0
[rgbd_node-1] Seq. Name: 
[rgbd_node-1] There are 1 cameras in the atlas
[rgbd_node-1] Camera 0 is pinhole
[rgbd_node-1] [INFO] [1784013055.470433200] [orbslam3_rgbd_node]: RGB-D mode (IMU disabled).
[rgbd_node-1] [INFO] [1784013055.471013801] [orbslam3_rgbd_node]: Subscribed RGB topic: /camera/camera/color/image_raw
[rgbd_node-1] [INFO] [1784013055.471028633] [orbslam3_rgbd_node]: Subscribed depth topic: /camera/camera/aligned_depth_to_color/image_raw
[rgbd_node-1] [INFO] [1784013055.471031407] [orbslam3_rgbd_node]: Publishing pose: /orbslam3/pose
[rgbd_node-1] [INFO] [1784013055.471033990] [orbslam3_rgbd_node]: Publishing odom: /orbslam3/odom
[rgbd_node-1] [INFO] [1784013055.471036284] [orbslam3_rgbd_node]: Publishing TF: map -> camera_color_optical_frame
[rgbd_node-1] [INFO] [1784013055.471038737] [orbslam3_rgbd_node]: ORB-SLAM3 RGB-D node started with viewer disabled.
[INFO] [ros2-2]: process started with pid [2974283]
[ros2-2] stdin is not a terminal device. Keyboard handling disabled.[INFO] [1784013065.370605068] [rosbag2_storage]: Opened database '/home/ldh9501/temp_ws/CLI_environment/data_slam/260714_frame_data/converted/sam_105018_dense/sam_105018_dense_0.db3' for READ_ONLY.
[ros2-2] [INFO] [1784013065.370629634] [rosbag2_player]: Set rate to 0.5
[ros2-2] [INFO] [1784013065.372430394] [rosbag2_player]: Adding keyboard callbacks.
[ros2-2] [INFO] [1784013065.372442062] [rosbag2_player]: Press SPACE for Pause/Resume
[ros2-2] [INFO] [1784013065.372445136] [rosbag2_player]: Press CURSOR_RIGHT for Play Next Message
[ros2-2] [INFO] [1784013065.372447600] [rosbag2_player]: Press CURSOR_UP for Increase Rate 10%
[ros2-2] [INFO] [1784013065.372449703] [rosbag2_player]: Press CURSOR_DOWN for Decrease Rate 10%
[ros2-2] [INFO] [1784013065.372635799] [rosbag2_storage]: Opened database '/home/ldh9501/temp_ws/CLI_environment/data_slam/260714_frame_data/converted/sam_105018_dense/sam_105018_dense_0.db3' for READ_ONLY.
[rgbd_node-1] First KF:0; Map init KF:0
[rgbd_node-1] New Map created with 1385 points
[rgbd_node-1] [INFO] [1784013069.284031432] [orbslam3_rgbd_node]: Processed 30 RGB-D frames.
[rgbd_node-1] [INFO] [1784013073.276532070] [orbslam3_rgbd_node]: Processed 60 RGB-D frames.
[rgbd_node-1] [INFO] [1784013077.269509321] [orbslam3_rgbd_node]: Processed 90 RGB-D frames.
[rgbd_node-1] [INFO] [1784013081.284120581] [orbslam3_rgbd_node]: Processed 120 RGB-D frames.
[rgbd_node-1] [INFO] [1784013085.283890842] [orbslam3_rgbd_node]: Processed 150 RGB-D frames.
[rgbd_node-1] [INFO] [1784013089.299891334] [orbslam3_rgbd_node]: Processed 180 RGB-D frames.
[rgbd_node-1] [INFO] [1784013093.311433991] [orbslam3_rgbd_node]: Processed 210 RGB-D frames.
[rgbd_node-1] [INFO] [1784013097.312710608] [orbslam3_rgbd_node]: Processed 240 RGB-D frames.
[rgbd_node-1] [INFO] [1784013101.313757992] [orbslam3_rgbd_node]: Processed 270 RGB-D frames.
[rgbd_node-1] [INFO] [1784013105.312318901] [orbslam3_rgbd_node]: Processed 300 RGB-D frames.
[rgbd_node-1] [INFO] [1784013109.317735561] [orbslam3_rgbd_node]: Processed 330 RGB-D frames.
[rgbd_node-1] [INFO] [1784013113.362401017] [orbslam3_rgbd_node]: Processed 360 RGB-D frames.
[rgbd_node-1] [INFO] [1784013117.337310576] [orbslam3_rgbd_node]: Processed 390 RGB-D frames.
[rgbd_node-1] [INFO] [1784013121.341579948] [orbslam3_rgbd_node]: Processed 420 RGB-D frames.
[rgbd_node-1] [INFO] [1784013125.355676814] [orbslam3_rgbd_node]: Processed 450 RGB-D frames.
[rgbd_node-1] [INFO] [1784013129.341857355] [orbslam3_rgbd_node]: Processed 480 RGB-D frames.
[rgbd_node-1] [INFO] [1784013133.352164731] [orbslam3_rgbd_node]: Processed 510 RGB-D frames.
[rgbd_node-1] [INFO] [1784013137.373604213] [orbslam3_rgbd_node]: Processed 540 RGB-D frames.
[rgbd_node-1] [INFO] [1784013141.383460645] [orbslam3_rgbd_node]: Processed 570 RGB-D frames.
[rgbd_node-1] *Loop detected
[rgbd_node-1] LOOP_GAP|cur_id=129|matched_id=1|ts_cur=1783993859.544609|ts_matched=1783993822.160944|cur_xyz=0.470085,0.260484,-0.714601|matched_xyz=-0.072183,0.000086,0.012198|gap_m=0.943451|sim3t=-0.066266,-0.008803,0.061342|sim3_scale=1.000000
[rgbd_node-1] Local Mapping STOP
[rgbd_node-1] Local Mapping RELEASE
[rgbd_node-1] Local Mapping STOP
[rgbd_node-1] Local Mapping RELEASE
[rgbd_node-1] [INFO] [1784013145.383204584] [orbslam3_rgbd_node]: Processed 600 RGB-D frames.
[rgbd_node-1] [INFO] [1784013149.384794761] [orbslam3_rgbd_node]: Processed 630 RGB-D frames.
[rgbd_node-1] [INFO] [1784013153.380304072] [orbslam3_rgbd_node]: Processed 660 RGB-D frames.
[rgbd_node-1] [INFO] [1784013157.392956003] [orbslam3_rgbd_node]: Processed 690 RGB-D frames.
[rgbd_node-1] [INFO] [1784013161.396543872] [orbslam3_rgbd_node]: Processed 720 RGB-D frames.
[rgbd_node-1] [INFO] [1784013165.428291464] [orbslam3_rgbd_node]: Processed 750 RGB-D frames.
[rgbd_node-1] [INFO] [1784013169.429157622] [orbslam3_rgbd_node]: Processed 780 RGB-D frames.
[rgbd_node-1] [INFO] [1784013173.428277634] [orbslam3_rgbd_node]: Processed 810 RGB-D frames.
[rgbd_node-1] [INFO] [1784013177.430049402] [orbslam3_rgbd_node]: Processed 840 RGB-D frames.
[rgbd_node-1] [INFO] [1784013181.427395378] [orbslam3_rgbd_node]: Processed 870 RGB-D frames.
[rgbd_node-1] [INFO] [1784013185.427404431] [orbslam3_rgbd_node]: Processed 900 RGB-D frames.
[rgbd_node-1] [INFO] [1784013189.453041571] [orbslam3_rgbd_node]: Processed 930 RGB-D frames.
[rgbd_node-1] [INFO] [1784013193.462976358] [orbslam3_rgbd_node]: Processed 960 RGB-D frames.
[rgbd_node-1] [INFO] [1784013197.452156874] [orbslam3_rgbd_node]: Processed 990 RGB-D frames.
[rgbd_node-1] *Loop detected
[rgbd_node-1] LOOP_GAP|cur_id=246|matched_id=93|ts_cur=1783993888.645355|ts_matched=1783993850.464505|cur_xyz=-1.437648,0.098719,-0.438935|matched_xyz=-0.598500,0.420177,-2.647676|gap_m=2.384542|sim3t=-1.497189,-0.071877,-0.755125|sim3_scale=1.000000
[rgbd_node-1] Local Mapping STOP
[rgbd_node-1] Local Mapping RELEASE
[rgbd_node-1] [INFO] [1784013201.469760430] [orbslam3_rgbd_node]: Processed 1020 RGB-D frames.
[rgbd_node-1] Local Mapping STOP
[rgbd_node-1] Local Mapping RELEASE
[rgbd_node-1] [INFO] [1784013205.471828444] [orbslam3_rgbd_node]: Processed 1050 RGB-D frames.
[rgbd_node-1] [INFO] [1784013209.470406665] [orbslam3_rgbd_node]: Processed 1080 RGB-D frames.
[rgbd_node-1] [INFO] [1784013213.483930472] [orbslam3_rgbd_node]: Processed 1110 RGB-D frames.
[rgbd_node-1] [INFO] [1784013217.484962520] [orbslam3_rgbd_node]: Processed 1140 RGB-D frames.
[rgbd_node-1] [INFO] [1784013221.503878729] [orbslam3_rgbd_node]: Processed 1170 RGB-D frames.
[rgbd_node-1] [INFO] [1784013225.503313010] [orbslam3_rgbd_node]: Processed 1200 RGB-D frames.
[rgbd_node-1] [INFO] [1784013229.507767455] [orbslam3_rgbd_node]: Processed 1230 RGB-D frames.
[rgbd_node-1] [INFO] [1784013233.493318670] [orbslam3_rgbd_node]: Processed 1260 RGB-D frames.
[rgbd_node-1] [INFO] [1784013237.508931388] [orbslam3_rgbd_node]: Processed 1290 RGB-D frames.
[rgbd_node-1] [INFO] [1784013241.526851943] [orbslam3_rgbd_node]: Processed 1320 RGB-D frames.
[rgbd_node-1] [INFO] [1784013245.536220430] [orbslam3_rgbd_node]: Processed 1350 RGB-D frames.
[rgbd_node-1] [INFO] [1784013249.546688232] [orbslam3_rgbd_node]: Processed 1380 RGB-D frames.
[rgbd_node-1] [INFO] [1784013253.539402375] [orbslam3_rgbd_node]: Processed 1410 RGB-D frames.
[rgbd_node-1] [INFO] [1784013257.542573862] [orbslam3_rgbd_node]: Processed 1440 RGB-D frames.
[rgbd_node-1] [INFO] [1784013261.546152103] [orbslam3_rgbd_node]: Processed 1470 RGB-D frames.
[rgbd_node-1] [INFO] [1784013265.560449306] [orbslam3_rgbd_node]: Processed 1500 RGB-D frames.
[rgbd_node-1] [INFO] [1784013269.576526843] [orbslam3_rgbd_node]: Processed 1530 RGB-D frames.
[rgbd_node-1] [INFO] [1784013273.581742174] [orbslam3_rgbd_node]: Processed 1560 RGB-D frames.
[rgbd_node-1] [INFO] [1784013277.570761591] [orbslam3_rgbd_node]: Processed 1590 RGB-D frames.
[rgbd_node-1] [INFO] [1784013281.581994785] [orbslam3_rgbd_node]: Processed 1620 RGB-D frames.
[rgbd_node-1] [INFO] [1784013285.582931843] [orbslam3_rgbd_node]: Processed 1650 RGB-D frames.
[rgbd_node-1] [INFO] [1784013289.613597138] [orbslam3_rgbd_node]: Processed 1680 RGB-D frames.
[rgbd_node-1] [INFO] [1784013293.605945934] [orbslam3_rgbd_node]: Processed 1710 RGB-D frames.
[rgbd_node-1] [INFO] [1784013297.617019408] [orbslam3_rgbd_node]: Processed 1740 RGB-D frames.
[rgbd_node-1] [INFO] [1784013301.615325828] [orbslam3_rgbd_node]: Processed 1770 RGB-D frames.
[rgbd_node-1] [INFO] [1784013305.616244058] [orbslam3_rgbd_node]: Processed 1800 RGB-D frames.
[rgbd_node-1] [INFO] [1784013309.609562019] [orbslam3_rgbd_node]: Processed 1830 RGB-D frames.
[rgbd_node-1] [INFO] [1784013313.624154862] [orbslam3_rgbd_node]: Processed 1860 RGB-D frames.
[rgbd_node-1] [INFO] [1784013317.654613297] [orbslam3_rgbd_node]: Processed 1890 RGB-D frames.
[rgbd_node-1] [INFO] [1784013321.656164811] [orbslam3_rgbd_node]: Processed 1920 RGB-D frames.
[rgbd_node-1] [INFO] [1784013325.654942607] [orbslam3_rgbd_node]: Processed 1950 RGB-D frames.
[rgbd_node-1] [INFO] [1784013329.649099814] [orbslam3_rgbd_node]: Processed 1980 RGB-D frames.
[INFO] [ros2-2]: process has finished cleanly [pid 2974283]
[INFO] [rgbd_node-1]: sending signal 'SIGINT' to process[rgbd_node-1]
[rgbd_node-1] [INFO] [1784013333.007952642] [rclcpp]: signal_handler(signum=2)
[rgbd_node-1] [INFO] [1784013333.067668305] [orbslam3_rgbd_node]: Shutting down ORB-SLAM3.
[rgbd_node-1] Shutdown
[rgbd_node-1] [INFO] [1784013333.097188373] [orbslam3_rgbd_node]: Saved 37255 ORB-SLAM3 map points to /home/ldh9501/temp_ws/CLI_environment/orbslam_ws/output/260714/sam_105018/orbslam3_map_points.pcd
[rgbd_node-1] 
[rgbd_node-1] Saving camera trajectory to CameraTrajectory.txt ...
[rgbd_node-1] 
[rgbd_node-1] Saving keyframe trajectory to KeyFrameTrajectory.txt ...
[rgbd_node-1] [INFO] [1784013333.451938076] [orbslam3_rgbd_node]: Dense map reprojected with optimized poses: 401/401 frames matched (0 dropped), 815028 voxels.
[rgbd_node-1] [INFO] [1784013334.136533136] [orbslam3_rgbd_node]: Saved 815028 dense map points to /home/ldh9501/temp_ws/CLI_environment/orbslam_ws/output/260714/sam_105018/orbslam3_dense_map.pcd
[rgbd_node-1] [INFO] [1784013334.136666715] [orbslam3_rgbd_node]: TIMING: frames_tracked=2004 track_ms mean=20.3 median=20.3 p95=27.2 max=89.7 min=8.8 mean_fps=49.3
[INFO] [rgbd_node-1]: process has finished cleanly [pid 2974058]
